[debug] [2026-05-29T06:02:43.426Z] ----------------------------------------------------------------------
[debug] [2026-05-29T06:02:43.465Z] Command:       D:\laragon\bin\nodejs\node-v25.9.0-win-x64\node.exe C:\Users\AbdulMannan\AppData\Local\npm-cache\_npx\7750544ccf494d8b\node_modules\firebase-tools\lib\bin\firebase.js deploy --only hosting
[debug] [2026-05-29T06:02:43.467Z] CLI Version:   15.19.0
[debug] [2026-05-29T06:02:43.468Z] Platform:      win32
[debug] [2026-05-29T06:02:43.468Z] Node Version:  v25.9.0
[debug] [2026-05-29T06:02:43.468Z] Time:          Fri May 29 2026 11:02:43 GMT+0500 (Pakistan Standard Time)
[debug] [2026-05-29T06:02:43.468Z] ----------------------------------------------------------------------
[debug] 
[debug] [2026-05-29T06:02:43.476Z] >>> [apiv2][query] GET https://firebase-public.firebaseio.com/cli.json [none]
[debug] [2026-05-29T06:03:18.137Z] > command requires scopes: ["email","openid","https://www.googleapis.com/auth/cloudplatformprojects.readonly","https://www.googleapis.com/auth/firebase","https://www.googleapis.com/auth/cloud-platform"]
[debug] [2026-05-29T06:03:18.139Z] > authorizing via signed-in user (abdulmannaann00@gmail.com)
[debug] [2026-05-29T06:03:18.139Z] [iam] checking project isd-solutions for permissions ["firebase.projects.get","firebasehosting.sites.update"]
[debug] [2026-05-29T06:03:18.143Z] Checked if tokens are valid: false, expires at: 1750425293236
[debug] [2026-05-29T06:03:18.143Z] Checked if tokens are valid: false, expires at: 1750425293236
[debug] [2026-05-29T06:03:18.144Z] > refreshing access token with scopes: []
[debug] [2026-05-29T06:03:18.150Z] >>> [apiv2][query] POST https://www.googleapis.com/oauth2/v3/token [none]
[debug] [2026-05-29T06:03:18.150Z] >>> [apiv2][body] POST https://www.googleapis.com/oauth2/v3/token [omitted]
[debug] [2026-05-29T06:03:18.645Z] <<< [apiv2][status] POST https://www.googleapis.com/oauth2/v3/token 400
[debug] [2026-05-29T06:03:18.645Z] <<< [apiv2][body] POST https://www.googleapis.com/oauth2/v3/token [omitted]
[debug] [2026-05-29T06:03:18.646Z] >>> [apiv2][query] POST https://cloudresourcemanager.googleapis.com/v1/projects/isd-solutions:testIamPermissions [none]
[debug] [2026-05-29T06:03:18.646Z] >>> [apiv2][(partial)header] POST https://cloudresourcemanager.googleapis.com/v1/projects/isd-solutions:testIamPermissions  x-goog-user-project=isd-solutions
[debug] [2026-05-29T06:03:18.646Z] >>> [apiv2][body] POST https://cloudresourcemanager.googleapis.com/v1/projects/isd-solutions:testIamPermissions {"permissions":["firebase.projects.get","firebasehosting.sites.update"]}
[debug] [2026-05-29T06:03:18.824Z] <<< [apiv2][status] GET https://firebase-public.firebaseio.com/cli.json 200
[debug] [2026-05-29T06:03:18.825Z] <<< [apiv2][body] GET https://firebase-public.firebaseio.com/cli.json {"cloudBuildErrorAfter":1594252800000,"cloudBuildWarnAfter":1590019200000,"defaultNode10After":1594252800000,"minVersion":"3.0.5","node8DeploysDisabledAfter":1613390400000,"node8RuntimeDisabledAfter":1615809600000,"node8WarnAfter":1600128000000}
[debug] [2026-05-29T06:03:20.302Z] <<< [apiv2][status] POST https://cloudresourcemanager.googleapis.com/v1/projects/isd-solutions:testIamPermissions 401
[debug] [2026-05-29T06:03:20.303Z] <<< [apiv2][body] POST https://cloudresourcemanager.googleapis.com/v1/projects/isd-solutions:testIamPermissions {"error":{"code":401,"message":"Request had invalid authentication credentials. Expected OAuth 2 access token, login cookie or other valid authentication credential. See https://developers.google.com/identity/sign-in/web/devconsole-project.","status":"UNAUTHENTICATED","details":[{"@type":"type.googleapis.com/google.rpc.ErrorInfo","reason":"ACCESS_TOKEN_TYPE_UNSUPPORTED","metadata":{"service":"cloudresourcemanager.googleapis.com","method":"google.cloudresourcemanager.v1.Projects.TestIamPermissions"}}]}}
[debug] [2026-05-29T06:03:20.303Z] Got a 401 Unauthenticated error for a call that required authentication. Refreshing tokens.
[debug] [2026-05-29T06:03:20.303Z] Checked if tokens are valid: false, expires at: 1750425293236
[debug] [2026-05-29T06:03:20.303Z] Checked if tokens are valid: false, expires at: 1750425293236
[debug] [2026-05-29T06:03:20.303Z] > refreshing access token with scopes: []
[debug] [2026-05-29T06:03:20.304Z] >>> [apiv2][query] POST https://www.googleapis.com/oauth2/v3/token [none]
[debug] [2026-05-29T06:03:20.304Z] >>> [apiv2][body] POST https://www.googleapis.com/oauth2/v3/token [omitted]
[debug] [2026-05-29T06:03:20.477Z] <<< [apiv2][status] POST https://www.googleapis.com/oauth2/v3/token 400
[debug] [2026-05-29T06:03:20.478Z] <<< [apiv2][body] POST https://www.googleapis.com/oauth2/v3/token [omitted]
[debug] [2026-05-29T06:03:20.481Z] [iam] error while checking permissions, command may fail: Request to https://cloudresourcemanager.googleapis.com/v1/projects/isd-solutions:testIamPermissions had HTTP Error: 401, Request had invalid authentication credentials. Expected OAuth 2 access token, login cookie or other valid authentication credential. See https://developers.google.com/identity/sign-in/web/devconsole-project.
[debug] [2026-05-29T06:03:20.482Z] Checked if tokens are valid: false, expires at: 1750425293236
[debug] [2026-05-29T06:03:20.482Z] Checked if tokens are valid: false, expires at: 1750425293236
[debug] [2026-05-29T06:03:20.482Z] > refreshing access token with scopes: []
[debug] [2026-05-29T06:03:20.482Z] >>> [apiv2][query] POST https://www.googleapis.com/oauth2/v3/token [none]
[debug] [2026-05-29T06:03:20.483Z] >>> [apiv2][body] POST https://www.googleapis.com/oauth2/v3/token [omitted]
[debug] [2026-05-29T06:03:20.661Z] <<< [apiv2][status] POST https://www.googleapis.com/oauth2/v3/token 400
[debug] [2026-05-29T06:03:20.662Z] <<< [apiv2][body] POST https://www.googleapis.com/oauth2/v3/token [omitted]
[debug] [2026-05-29T06:03:20.662Z] >>> [apiv2][query] GET https://firebase.googleapis.com/v1beta1/projects/isd-solutions [none]
[debug] [2026-05-29T06:03:21.455Z] <<< [apiv2][status] GET https://firebase.googleapis.com/v1beta1/projects/isd-solutions 401
[debug] [2026-05-29T06:03:21.455Z] <<< [apiv2][body] GET https://firebase.googleapis.com/v1beta1/projects/isd-solutions {"error":{"code":401,"message":"Request had invalid authentication credentials. Expected OAuth 2 access token, login cookie or other valid authentication credential. See https://developers.google.com/identity/sign-in/web/devconsole-project.","status":"UNAUTHENTICATED"}}
[debug] [2026-05-29T06:03:21.455Z] Got a 401 Unauthenticated error for a call that required authentication. Refreshing tokens.
[debug] [2026-05-29T06:03:21.455Z] Checked if tokens are valid: false, expires at: 1750425293236
[debug] [2026-05-29T06:03:21.455Z] Checked if tokens are valid: false, expires at: 1750425293236
[debug] [2026-05-29T06:03:21.455Z] > refreshing access token with scopes: []
[debug] [2026-05-29T06:03:21.456Z] >>> [apiv2][query] POST https://www.googleapis.com/oauth2/v3/token [none]
[debug] [2026-05-29T06:03:21.456Z] >>> [apiv2][body] POST https://www.googleapis.com/oauth2/v3/token [omitted]
[debug] [2026-05-29T06:03:21.623Z] <<< [apiv2][status] POST https://www.googleapis.com/oauth2/v3/token 400
[debug] [2026-05-29T06:03:21.623Z] <<< [apiv2][body] POST https://www.googleapis.com/oauth2/v3/token [omitted]
[debug] [2026-05-29T06:03:21.624Z] Request to https://firebase.googleapis.com/v1beta1/projects/isd-solutions had HTTP Error: 401, Request had invalid authentication credentials. Expected OAuth 2 access token, login cookie or other valid authentication credential. See https://developers.google.com/identity/sign-in/web/devconsole-project.
[error] 
[error] Error: Assertion failed: resolving hosting target of a site with no site name or target name. This should have caused an error earlier
